2026-08-29	第 1 组	抽	156,280,307
2026-08-29	第 1 组	用	156,236,280,286,288,306,307
2026-08-30	第 1 组	抽	156,280,307,18,308,309
2026-08-30	第 1 组	用	156,307,18,308,309
2026-08-31	第 1 组	抽	308,309,310,313,311,18,312
2026-08-31	第 1 组	用	308,309,310,313,18,311,312
2026-08-31	第 2 组	用	7,56,12,63,10,147,89,93,150
2026-09-01	第 1 组	抽	18,310,312,311,313,8,81,314
2026-09-01	第 1 组	用	18,310,312,311,313,81,8,314
2026-09-03	第 1 组	抽	8,81,314,315,316
2026-09-03	第 1 组	用	81,315,8,316,314
2026-09-04	第 1 组	抽	315,316,317
2026-09-04	第 1 组	用	315,316,317
2026-09-05	第 1 组	抽	161,318,319,320
2026-09-05	第 2 组	抽	190,197,213,232,233,234,20,205,65,71,109,174,176,193,23,102,178,184,179,251
2026-09-05	第 3 组	抽	16,35,36,50,70,73,74,95,46,39,97,101,104,105,128,136,137,110,120,122
2026-09-05	第 4 组	抽	11,14,25,43,146,255,31,49,85,96,98,113,118,144,162
2026-09-05	第 5 组	抽	170,2,72,88,166,257,276,183,80,86,130,256,191,214,52
2026-09-05	第 6 组	抽	103,131,248,189,194,200,201,261,182,192,196,198,202,203,207,208,219,227,229,209
2026-09-05	第 7 组	抽	212,215,217,218,226,230,231,235,238,239,107,133,175,180,48
2026-09-05	第 8 组	抽	123,134,135,143,54,173,177,181,186,224,228,240,243,250,195
2026-09-05	第 1 组	用	161,318,319,320
2026-09-05	第 2 组	用	190,197,213,232,233,234,20,205,65,71,109,174,176,193,23,102,178,184,179,251
2026-09-05	第 3 组	用	16,36,50,73,95,101,35,70,74,46,39,97,104,105,128,136,137,122,110,120
2026-09-05	第 3 组	用	16,36,50,73,95,101,35,70,74,46,39,97,104,105,128,137,122,110,120
2026-09-05	第 3 组	弃	136=题面被 c 段粒度整改截断成「说了实话」，与 #232「说实话」撞车，她答 to be honest ⇒ 教练把题面搞坏了，本次作废（◎ §3.3）
2026-09-05	第 4 组	用	11,14,25,43,146,255,31,49,85,170,98,113,118,144,162
2026-09-05	第 4 组	用	11,14,25,43,146,255,31,49,85,113,118,144,162
2026-09-05	第 4 组	弃	170=她本轮漏答（作答从4跳到7），未判 ❌，待补, 98=她本轮漏答，未判 ❌，待补
2026-09-05	第 4 组	用	11,14,25,43,146,255,31,49,85,170,98,113,118,144,162
2026-09-05	第 5 组	用	2,72,88,166,257,276,183,80,86,130,256,191,214,52,103
2026-09-05	第 6 组	用	131,248,189,194,200,201,261,182,192,196,198,202,203,207,208,219,227,229,209,212
2026-09-07	第 1 组	抽	23,88,161,176,193,233,234,257,276,318
2026-09-07	第 2 组	抽	319,321,320
2026-09-07	第 3 组	抽	16,36,50,70,73,74,35,39,46,95,101,104,105,128,136,97,110,120,122,137,14,25,43,146,255
2026-09-07	第 4 组	抽	11,49,85,96,98,113,118,144,162,170
2026-09-07	第 1 组	用	23,88,161,176,193,233,234,257,276,318
2026-09-07	第 2 组	用	319,321,320
2026-09-07	第 3 组	用	16,36,50,70,73,74,46,95,101,104,128,136,122
2026-09-07	第 3 组	免	35,39,105,97,110,120,137,14,25,43,146,255
2026-09-07	第 4 组	用	11,98,118
2026-09-07	第 5 组	用	96,261,208,238,239,107,133,175,215,217,218,226,230,231,235
2026-09-09	第 1 组	抽	11,23,46,88,104,101,118,136,176,193
2026-09-09	第 2 组	抽	233,234,238,239,257,261,322,323
2026-09-09	第 3 组	抽	143,48,123,134,135,100,180,186,224,228,240,54,173,177,181
2026-09-09	第 4 组	抽	195,204,216,220,221,222,225,223,241,243,250,3,15,17,19
2026-09-09	第 1 组	用	11,23,46,88,104,101,118,136,176,193
2026-09-09	第 1 组	用	
2026-09-09	第 1 组	免	11,23,46,88,104,101,118,136,176,193
2026-09-09	第 2 组	用	233,234,238,239,257,261,322,323
2026-09-09	第 2 组	用	323
2026-09-09	第 2 组	免	233,234,238,239,257,261,322
2026-09-09	第 3 组	用	143,48,123,134,135,100,180,186,224,228,240,54,173,177,181
2026-09-09	第 4 组	用	195,204,216,220,221,222,225,223,241,243,250,3,15,17,19
2026-09-10	第 1 组	抽	88,135,136,186,238,239,261,321,325,326
2026-09-10	第 2 组	抽	327,328,329,330,331,332,333
2026-09-10	第 3 组	抽	5,293,294,295,21,24,38,44,1,13,37,40,42,45,51,53,61,69,77,47
2026-09-10	第 4 组	抽	76,83,87,108,114,115,116,117,119,121,125,126,132,145,153,154,127,140,141,142
2026-09-10	第 1 组	抽	88,135,136,186,238,239,261,321,325,326
2026-09-10	第 2 组	抽	327,328,329,330,331,332,333
2026-09-10	第 3 组	抽	5,293,294,295,21,24,38,44,1,13,37,40,42,45,51,53,61,69,77,47
2026-09-10	第 4 组	抽	76,83,87,108,114,115,116,117,119,121,125,126,132,145,153,154,127,140,141,142
2026-09-10	第 1 组	用	88,135,136,186,238,239,261,321,325,326
2026-09-10	第 2 组	用	327,328,329,330,331,332,333
2026-09-10	第 1 组	抽	5,293,294,295,21,24,38,44,1,13,37,40,42,45,51,53,61,69,77,47
2026-09-10	第 3 组	用	293,294,295,21,24,44,1,13,37,40,42
2026-09-10	第 3 组	免	5,38,45,51,53,61,69,77,47
2026-09-10	第 1 组	抽	76,83,87,108,114,115,116,117,119,121,125,126,132,145,153,154,127,140,141,142
2026-09-10	第 4 组	用	76,83,87,108,114,115,116,117,119,121,125,126,132,145,153,154,127,140,141,142
2026-09-11	第 1 组	抽	135,186,261,294,323,322,334
2026-09-11	第 2 组	抽	148,152,159,158,167,168,273,274,297,165,169,26,272,6,9
2026-09-11	第 3 组	抽	27,30,34,64,75,163,79,22,32,57,149,172,258,84,155,305,171,260,264,28,29,129,259,262,265
2026-09-11	第 4 组	抽	269,236,286,288,306,33,267,270,41,308,278,266,268,90,291
2026-09-11	第 5 组	抽	60,210,309,275,277,279,281,282,284,285,287,283,289,296,298,299,300,301,290,302,304,310,312,8,81
2026-09-11	第 6 组	抽	303,18,4,314,62,68,244,247,237,139,307,245,249,246,315,316,317,313,242,78
2026-09-11	第 7 组	抽	311,263,271,106,58,276,319,320,31,71,161,318,2,20,49
2026-09-11	第 8 组	抽	52,65,72,109,131,166,174,190,80,85,102,86,103,113,130
2026-09-11	第 1 组	抽	135,186,261,294,323,322,334
2026-09-11	第 2 组	抽	148,152,159,158,167,168,273,274,297,165,169,26,272,6,9
2026-09-11	第 3 组	抽	27,30,34,64,75,163,79,22,32,57,149,172,258,84,155,305,171,260,264,28,29,129,259,262,265
2026-09-11	第 4 组	抽	269,236,286,288,306,33,267,270,41,308,278,266,268,90,291
2026-09-11	第 5 组	抽	60,210,309,275,277,279,281,282,284,285,287,283,289,296,298,299,300,301,290,302,304,310,312,8,81
2026-09-11	第 6 组	抽	303,18,4,314,62,68,244,247,237,139,307,245,249,246,315,316,317,313,242,78
2026-09-11	第 7 组	抽	311,263,271,106,58,276,319,320,31,71,161,318,2,20,49
2026-09-11	第 8 组	抽	52,65,72,109,131,166,174,190,80,85,102,86,103,113,130
2026-09-11	第 1 组	用	135,186,294,323,334
2026-09-11	第 1 组	免	261,322
2026-09-11	第 2 组	用	148,152,158,168,273,274,297,159,167,165,169,272,6,9
2026-09-11	第 2 组	弃	26=回标为「题型 产出验」（§6.0）—— 08-20 她已裁定停出，但那句只写在正文行、没进状态行，今天补进状态行后自动离队
2026-09-11	第 3 组	用	27,34,64,75,163,22,30,79,32,57,149,172,258,155,305,84,171,260,264,28,29,129,259,262,265
2026-09-11	第 4 组	用	269,236,286,288,306,33,267,270,41,308,278,266,268,90,291
2026-09-11	第 4 组	用	269,236,286,288,306,33,267,266,90,291
2026-09-11	第 4 组	免	270,41,308,278,268
2026-09-11	第 5 组	用	60,210,309,275,277,279,281,282,284,285,287,283,289,296,298,299,300,301,290,302,304,310,312,8,81
2026-09-11	第 5 组	用	60,210,309,277,281,284,285,287,283,289,296,298,299,300,301,290,279,282
2026-09-11	第 5 组	免	275,302
2026-09-11	第 5 组	用	60,210,309,277,281,284,285,287,283,289,296,298,299,300,301,290,279,282
2026-09-11	第 5 组	免	275,302,304,310,312,8,81
2026-09-11	第 6 组	用	303,18,314,62,68,244,247,237,139,315,316,317,313,242,307,245,249,246,78
2026-09-11	第 6 组	弃	4=回标为「题型 产出验」＋补 ⛔ 复习组停出（题面本身写着「不出中译英题；挂当日自由产出抓」，但状态行没标 ⇒ 与 #26 同一种漏）
2026-09-11	第 6 组	用	307,245
2026-09-11	第 6 组	免	303,18,314,62,68,244,247,237,139,315,316,317,313,242,249,246,78
2026-09-11	第 6 组	弃	4=回标为「题型 产出验」＋补 ⛔ 复习组停出（题面写着不出中译英题，状态行没标，与 #26 同种漏）
2026-09-11	第 7 组	用	311,263,271,106,58,319,320,31,161,276,71,318,2,20,49
2026-09-11	第 7 组	用	311,263,271,319,49
2026-09-11	第 7 组	免	106,58,320,31,161,276,71,318,2,20
