# 复习出题流水 —— drill.py 自动 append，一行 = 一次抽题或一次定稿
# 格式：日期 \t 抽|用 \t 组N \t 字段:值 …   ⛔ 禁手工编辑
2026-08-23	用	组1	用:#0095,#0266,#0286,#0279,#0059,#0270,#0192,#0309,#0287,#0282
2026-08-23	用	组2	用:#0055,#0273,#0275,#0272,#0274,#0302,#0267,#0310,#0303,#0268
2026-08-23	用	组3	用:#0299,#0295,#0288,#0320,#0307,#0080,#0278,#0318,#0319,#0269
2026-08-23	抽	组4	正选:#0280,#0234,#0276,#0304,#0316,#0311,#0045,#0074,#0306,#0271	备选:#0291,#0308,#0283,#0314,#0277
2026-08-23	抽	组4	正选:#0300,#0312,#0315	备选:#0290,#0239,#0294
2026-08-23	抽	组4	正选:#0048,#0317	备选:#0296,#0126,#0281,#0313
2026-08-23	用	组4	用:#0280,#0276,#0308,#0291,#0294,#0296,#0314,#0300,#0074,#0126	弃:#0271=挂作文验;#0312=挂作文验;#0234=纯语域挂作文验;#0311=S3与#0280同句且挂作文验;#0304=S4相邻;#0316=S6相邻;#0306=S6相邻;#0315=S2相邻;#0290=S9同句;#0283=S9同句;#0277=S9同句;#0281=S15相邻;#0313=S17相邻;#0045=考点层与#0280同为NofN主语;#0048=考点层与#0074同为名词数与限定词;#0317=转折连接词与#0314同语境;#0239=泛指人与#0276同语境
2026-08-23	抽	组5	正选:#0315,#0304,#0281,#0317,#0289,#0301,#0048,#0277,#0306,#0234	备选:#0321,#0312,#0298,#0045,#0316,#0311
2026-08-23	用	组5	用:#0315,#0304,#0301,#0290,#0285,#0281,#0313,#0045,#0239	弃:#0317=F14与0315同为连接词且0315题面后半正是它的考点;#0289=挂作文验她自发用过;#0048=构形类给词即给答案;#0277=S9与0301的S7相邻;#0306=S6与0301的S7相邻;#0234=纯语域挂作文验;#0321=纯语域挂作文验;#0312=挂作文验;#0298=S16与0281的S15相邻;#0316=S6与S7相邻;#0311=S3与S4相邻;#0283=考点层与0281同为非名词成分作主语;#0293=S10与0290的S9相邻;#0305=S5与S4相邻;#0271=挂作文验;#0292=挂作文验;#0297=挂作文验
2026-08-23	抽	组6	正选:#0298,#0305,#0306,#0297,#0317,#0277,#0311
2026-08-23	抽	组7	正选:#0293,#0289,#0292,#0316,#0048,#0283,#0234
2026-08-23	用	组6	用:#0298,#0305,#0306,#0297,#0317,#0277,#0311
2026-08-24	抽	组1	正选:#0221,#0335,#0055,#0059,#0329,#0331,#0333,#0267
2026-08-24	抽	组2	正选:#0336,#0303,#0074,#0048,#0249,#0126,#0286
2026-08-24	抽	组3	正选:#0337,#0332,#0251,#0334,#0265,#0095,#0318
2026-08-24	抽	组1	正选:#0221,#0335,#0055,#0059,#0329,#0331,#0333,#0267
2026-08-24	抽	组2	正选:#0336,#0303,#0074,#0048,#0249,#0126,#0286
2026-08-24	抽	组3	正选:#0337,#0332,#0251,#0334,#0265,#0095,#0318
2026-08-24	用	组1	用:#0331,#0055,#0303,#0329,#0059,#0221,#0333,#0267	弃:#0335=与#0221同为「否定＋时间」结构、考点层互相提示，与组2的#0303对调
2026-08-24	抽	组2	正选:#0332,#0337,#0074,#0048,#0265,#0095,#0126
2026-08-24	抽	组3	正选:#0335,#0336,#0251,#0249,#0334,#0286,#0318
2026-08-24	用	组2	用:#0332,#0048,#0286,#0265,#0337,#0095,#0334	弃:0074=与0126存档题面是同一句中文、且与0048同为F04名词数轴，挪去组3
2026-08-24	抽	组3	正选:#0251,#0074,#0336,#0335,#0249,#0126,#0318
2026-08-24	用	组3	用:#0336,#0074,#0126,#0335,#0249,#0318,#0251
2026-08-25	抽	组1	正选:#0307,#0293,#0297,#0341,#0274,#0342,#0318,#0279,#0074,#0126
2026-08-25	抽	组2	正选:#0292,#0270,#0344,#0340,#0266,#0317,#0338,#0280,#0095,#0234
2026-08-25	抽	组3	正选:#0345,#0289,#0303,#0273,#0343,#0316,#0283,#0276,#0339
2026-08-25	用	组1	用:#0307,#0293,#0297,#0341,#0274,#0342,#0318,#0279,#0266,#0126	弃:0074=与本组考点层冲突(#0297题面点名可数复数,会污染#0074要测的冠词自启动),对调到组2
2026-08-25	用	组2	用:#0292,#0270,#0344,#0340,#0074,#0317,#0338,#0280,#0095,#0234
2026-08-25	用	组3	用:#0345,#0289,#0303,#0273,#0343,#0316,#0283,#0276,#0339
2026-08-27	抽	组1	正选:#0015,#0016,#0032,#0035,#0036,#0038,#0061,#0064,#0065,#0071
2026-08-27	抽	组2	正选:#0072,#0073,#0075,#0077,#0078,#0093,#0094,#0108,#0112,#0113
2026-08-27	抽	组3	正选:#0121,#0127,#0135,#0136,#0140,#0141,#0144,#0147,#0148,#0149
2026-08-27	抽	组4	正选:#0150,#0151,#0153,#0155,#0161,#0170,#0180,#0185,#0189,#0190
2026-08-27	抽	组5	正选:#0191,#0195,#0196,#0198,#0199,#0213,#0214,#0215,#0217,#0218
2026-08-27	抽	组6	正选:#0220,#0226,#0228,#0233,#0235,#0236,#0237,#0238,#0241,#0242
2026-08-27	抽	组7	正选:#0243,#0244,#0118,#0159,#0223,#0051,#0002,#0004,#0005,#0006
2026-08-27	抽	组8	正选:#0021,#0023,#0026,#0028,#0029,#0033,#0034,#0057,#0060,#0089
2026-08-27	抽	组9	正选:#0090,#0102,#0105,#0106,#0111,#0122,#0123,#0132,#0134,#0157
2026-08-27	抽	组10	正选:#0165,#0167,#0168,#0179,#0205,#0206,#0208,#0210,#0211,#0212
2026-08-27	抽	组11	正选:#0227,#0230,#0231,#0245,#0246,#0247,#0125,#0323,#0324,#0326
2026-08-27	抽	组12	正选:#0327,#0328,#0080,#0221,#0249,#0251,#0329,#0331,#0332,#0333
2026-08-27	抽	组13	正选:#0334,#0335,#0337,#0095,#0126,#0289,#0292,#0293,#0318,#0336
2026-08-27	抽	组14	正选:#0338,#0339,#0340,#0341,#0342,#0343,#0344,#0345,#0346,#0347
2026-08-27	抽	组15	正选:#0348
2026-08-27	用	组1	用:#0016,#0032,#0035,#0038,#0064,#0065,#0108,#0112,#0140,#0185	弃:#0036=与#0032同语境同考点(条目自称同一题),对调出组并挂④a合并候选;#0061=她自发产出的块,§6挂作文验不出单点题;#0071=与#0016措辞层共享建议+考点层同属建议类动词后接什么;#0015=她原句本身成立只能判△,第②类候选待她裁
2026-08-27	抽	组2	正选:#0015,#0036,#0061,#0071,#0072,#0073,#0075,#0077,#0078,#0093
2026-08-27	抽	组3	正选:#0094,#0113,#0121,#0127,#0135,#0136,#0141,#0144,#0147,#0148
2026-08-27	抽	组4	正选:#0149,#0150,#0151,#0153,#0155,#0161,#0170,#0180,#0189,#0190
2026-08-27	抽	组5	正选:#0191,#0195,#0196,#0198,#0199,#0213,#0214,#0215,#0217,#0218
2026-08-27	抽	组6	正选:#0220,#0226,#0228,#0233,#0235,#0236,#0237,#0238,#0241,#0242
2026-08-27	抽	组7	正选:#0243,#0244,#0118,#0159,#0223,#0051,#0002,#0004,#0005,#0006
2026-08-27	抽	组8	正选:#0021,#0023,#0026,#0028,#0029,#0033,#0034,#0057,#0060,#0089
2026-08-27	抽	组9	正选:#0090,#0102,#0105,#0106,#0111,#0122,#0123,#0132,#0134,#0157
2026-08-27	抽	组10	正选:#0165,#0167,#0168,#0179,#0205,#0206,#0208,#0210,#0211,#0212
2026-08-27	抽	组11	正选:#0227,#0230,#0231,#0245,#0246,#0247,#0125,#0323,#0324,#0326
2026-08-27	抽	组12	正选:#0327,#0328,#0080,#0221,#0249,#0251,#0329,#0331,#0332,#0333
2026-08-27	抽	组13	正选:#0334,#0335,#0337,#0095,#0126,#0289,#0292,#0293,#0318,#0336
2026-08-27	抽	组14	正选:#0338,#0339,#0340,#0341,#0342,#0343,#0344,#0345,#0347,#0348
2026-08-27	抽	组15	正选:#0346,#0349,#0350
2026-08-27	用	组2	用:#0036,#0071,#0073,#0075,#0136,#0141,#0149,#0150,#0190	弃:0015=她原句本身成立只能判△(C类);0072=教练侧流程留痕(A类);0078=条目自称不地道语法成立(C类);0093=教练侧正面留痕(A类);0061=她自发产出的块挂作文验;0144=与0149考点层撞车(实义动词推动),移组3打头;0148=与0149上下位,挂④a合并候选
2026-08-27	抽	组3	正选:#0015,#0061,#0072,#0077,#0078,#0093,#0094,#0113,#0121,#0127
2026-08-27	抽	组4	正选:#0135,#0144,#0147,#0148,#0151,#0153,#0155,#0161,#0170,#0180
2026-08-27	抽	组5	正选:#0189,#0191,#0195,#0196,#0198,#0199,#0213,#0214,#0215,#0217
2026-08-27	抽	组6	正选:#0218,#0220,#0226,#0228,#0233,#0235,#0236,#0237,#0238,#0241
2026-08-27	抽	组7	正选:#0242,#0243,#0244,#0118,#0159,#0223,#0002,#0004,#0005,#0006
2026-08-27	抽	组8	正选:#0021,#0023,#0026,#0028,#0029,#0033,#0034,#0057,#0060,#0089
2026-08-27	抽	组9	正选:#0090,#0102,#0105,#0106,#0111,#0122,#0123,#0132,#0134,#0157
2026-08-27	抽	组10	正选:#0165,#0167,#0168,#0179,#0205,#0206,#0208,#0210,#0211,#0212
2026-08-27	抽	组11	正选:#0227,#0230,#0231,#0245,#0246,#0247,#0125,#0323,#0324,#0326
2026-08-27	抽	组12	正选:#0327,#0328,#0080,#0221,#0249,#0251,#0329,#0331,#0332,#0333
2026-08-27	抽	组13	正选:#0334,#0335,#0337,#0095,#0126,#0289,#0292,#0293,#0318,#0336
2026-08-27	抽	组14	正选:#0338,#0339,#0340,#0341,#0342,#0343,#0344,#0345,#0347,#0348
2026-08-27	抽	组15	正选:#0051,#0346,#0349,#0350
2026-08-27	抽	组3	正选:#0015,#0061,#0072,#0077,#0078,#0093,#0094,#0113,#0121,#0127
2026-08-27	抽	组4	正选:#0135,#0144,#0147,#0148,#0151,#0153,#0155,#0161,#0170,#0180
2026-08-27	抽	组5	正选:#0189,#0191,#0195,#0196,#0198,#0199,#0213,#0214,#0215,#0217
2026-08-27	抽	组6	正选:#0218,#0220,#0226,#0228,#0233,#0235,#0236,#0237,#0238,#0241
2026-08-27	抽	组7	正选:#0242,#0243,#0244,#0118,#0159,#0223,#0002,#0004,#0005,#0006
2026-08-27	抽	组8	正选:#0021,#0023,#0026,#0028,#0029,#0033,#0034,#0057,#0060,#0089
2026-08-27	抽	组9	正选:#0090,#0102,#0105,#0106,#0111,#0122,#0123,#0132,#0134,#0157
2026-08-27	抽	组10	正选:#0165,#0167,#0168,#0179,#0205,#0206,#0208,#0210,#0211,#0212
2026-08-27	抽	组11	正选:#0227,#0230,#0231,#0245,#0246,#0247,#0125,#0323,#0324,#0326
2026-08-27	抽	组12	正选:#0327,#0328,#0080,#0221,#0249,#0251,#0329,#0331,#0332,#0333
2026-08-27	抽	组13	正选:#0334,#0335,#0337,#0095,#0126,#0289,#0292,#0293,#0318,#0336
2026-08-27	抽	组14	正选:#0338,#0339,#0340,#0341,#0342,#0343,#0344,#0345,#0347,#0348
2026-08-27	抽	组15	正选:#0051,#0346,#0349,#0350
2026-08-27	抽	组3	正选:#0015,#0077,#0113,#0144,#0147,#0148,#0151,#0155,#0180,#0191
2026-08-27	抽	组4	正选:#0196,#0198,#0199,#0213,#0214,#0215,#0217,#0218,#0220,#0226
2026-08-27	抽	组5	正选:#0228,#0233,#0235,#0236,#0237,#0238,#0241,#0242,#0243,#0244
2026-08-27	抽	组6	正选:#0118,#0159,#0223,#0002,#0004,#0005,#0006,#0021,#0023,#0026
2026-08-27	抽	组7	正选:#0028,#0029,#0033,#0034,#0057,#0060,#0089,#0090,#0102,#0105
2026-08-27	抽	组8	正选:#0106,#0111,#0122,#0123,#0132,#0134,#0157,#0165,#0167,#0168
2026-08-27	抽	组9	正选:#0179,#0205,#0206,#0208,#0210,#0211,#0212,#0227,#0230,#0231
2026-08-27	抽	组10	正选:#0245,#0246,#0247,#0125,#0323,#0324,#0326,#0327,#0328,#0080
2026-08-27	抽	组11	正选:#0221,#0249,#0251,#0329,#0331,#0332,#0333,#0334,#0335,#0337
2026-08-27	抽	组12	正选:#0095,#0126,#0289,#0292,#0293,#0318,#0336,#0338,#0339,#0340
2026-08-27	抽	组13	正选:#0341,#0342,#0343,#0344,#0345,#0347,#0348,#0051,#0346,#0349
2026-08-27	抽	组14	正选:#0350
2026-08-27	抽	组3	正选:#0015,#0077,#0113,#0144,#0147,#0148,#0151,#0155,#0180,#0191
2026-08-27	抽	组4	正选:#0196,#0198,#0199,#0213,#0214,#0215,#0217,#0218,#0220,#0226
2026-08-27	抽	组5	正选:#0228,#0233,#0235,#0236,#0237,#0238,#0241,#0242,#0243,#0244
2026-08-27	抽	组6	正选:#0118,#0159,#0223,#0002,#0004,#0005,#0006,#0021,#0023,#0026
2026-08-27	抽	组7	正选:#0028,#0029,#0033,#0034,#0057,#0060,#0089,#0090,#0102,#0105
2026-08-27	抽	组8	正选:#0106,#0111,#0122,#0123,#0132,#0134,#0157,#0165,#0167,#0168
2026-08-27	抽	组9	正选:#0179,#0205,#0206,#0208,#0210,#0211,#0212,#0227,#0230,#0231
2026-08-27	抽	组10	正选:#0245,#0246,#0247,#0125,#0323,#0324,#0326,#0327,#0328,#0080
2026-08-27	抽	组11	正选:#0221,#0249,#0251,#0329,#0331,#0332,#0333,#0334,#0335,#0337
2026-08-27	抽	组12	正选:#0095,#0126,#0289,#0292,#0293,#0318,#0336,#0338,#0339,#0340
2026-08-27	抽	组13	正选:#0341,#0342,#0343,#0344,#0345,#0347,#0348,#0051,#0346,#0349
2026-08-27	抽	组14	正选:#0350
2026-08-27	抽	组3	正选:#0015,#0077,#0113,#0144,#0148,#0151,#0155,#0180,#0213,#0215
2026-08-27	抽	组4	正选:#0217,#0220,#0228,#0233,#0235,#0236,#0237,#0238,#0241,#0242
2026-08-27	抽	组5	正选:#0243,#0244,#0118,#0159,#0223,#0002,#0004,#0005,#0006,#0021
2026-08-27	抽	组6	正选:#0023,#0026,#0028,#0029,#0033,#0034,#0057,#0060,#0089,#0090
2026-08-27	抽	组7	正选:#0102,#0105,#0106,#0111,#0122,#0123,#0132,#0134,#0157,#0165
2026-08-27	抽	组8	正选:#0167,#0168,#0179,#0205,#0206,#0208,#0210,#0211,#0212,#0227
2026-08-27	抽	组9	正选:#0230,#0231,#0245,#0246,#0247,#0125,#0323,#0324,#0326,#0327
2026-08-27	抽	组10	正选:#0328,#0080,#0221,#0249,#0251,#0329,#0331,#0332,#0333,#0334
2026-08-27	抽	组11	正选:#0335,#0337,#0095,#0126,#0289,#0292,#0293,#0318,#0336,#0338
2026-08-27	抽	组12	正选:#0339,#0340,#0341,#0342,#0343,#0344,#0345,#0347,#0348,#0051
2026-08-27	抽	组13	正选:#0346,#0349,#0350
2026-08-27	抽	组3	正选:#0015,#0077,#0113,#0144,#0148,#0151,#0155,#0180,#0213,#0215
2026-08-27	抽	组4	正选:#0217,#0220,#0228,#0233,#0235,#0236,#0237,#0238,#0241,#0242
2026-08-27	抽	组5	正选:#0243,#0244,#0118,#0159,#0223,#0002,#0004,#0005,#0006,#0021
2026-08-27	抽	组6	正选:#0023,#0026,#0028,#0029,#0033,#0034,#0057,#0060,#0089,#0090
2026-08-27	抽	组7	正选:#0102,#0105,#0106,#0111,#0122,#0123,#0132,#0134,#0157,#0165
2026-08-27	抽	组8	正选:#0167,#0168,#0179,#0205,#0206,#0208,#0210,#0211,#0212,#0227
2026-08-27	抽	组9	正选:#0230,#0231,#0245,#0246,#0247,#0125,#0323,#0324,#0326,#0327
2026-08-27	抽	组10	正选:#0328,#0080,#0221,#0249,#0251,#0329,#0331,#0332,#0333,#0334
2026-08-27	抽	组11	正选:#0335,#0337,#0095,#0126,#0289,#0292,#0293,#0318,#0336,#0338
2026-08-27	抽	组12	正选:#0339,#0340,#0341,#0342,#0343,#0344,#0345,#0347,#0348,#0051
2026-08-27	抽	组13	正选:#0346,#0349,#0350
2026-08-27	用	组3	用:#0144,#0155,#0215,#0217,#0220,#0233	弃:0015=待她裁,正文从没归过类;0077+0151=与0144措辞/考点撞车,顺延;0113=与今天已测的0065重叠(shrink配什么),同日会污染;0148=与今天已测的0149是上下位,同日会污染;0180=与0155同为截止日期语境;0213=与0217同为倍数;0238+0237=与0220/0150同句
2026-08-27	抽	组4	正选:#0015,#0077,#0113,#0148,#0151,#0180,#0213,#0237,#0238,#0241
2026-08-27	抽	组5	正选:#0242,#0243,#0244,#0118,#0159,#0223,#0002,#0004,#0005,#0006
2026-08-27	抽	组6	正选:#0021,#0023,#0026,#0028,#0029,#0033,#0034,#0057,#0060,#0089
2026-08-27	抽	组7	正选:#0090,#0102,#0105,#0106,#0111,#0122,#0123,#0132,#0134,#0157
2026-08-27	抽	组8	正选:#0165,#0167,#0168,#0179,#0205,#0206,#0208,#0210,#0211,#0212
2026-08-27	抽	组9	正选:#0227,#0230,#0231,#0245,#0246,#0247,#0125,#0323,#0324,#0326
2026-08-27	抽	组10	正选:#0327,#0328,#0080,#0221,#0249,#0251,#0329,#0331,#0332,#0333
2026-08-27	抽	组11	正选:#0334,#0335,#0337,#0095,#0126,#0289,#0292,#0293,#0318,#0336
2026-08-27	抽	组12	正选:#0338,#0339,#0340,#0341,#0342,#0343,#0344,#0345,#0347,#0348
2026-08-27	抽	组13	正选:#0051,#0346,#0349,#0350,#0351,#0352,#0353
2026-08-27	抽	组4	正选:#0015,#0077,#0113,#0148,#0151,#0180,#0213,#0237,#0238,#0241
2026-08-27	抽	组5	正选:#0242,#0243,#0244,#0118,#0159,#0223,#0002,#0004,#0005,#0006
2026-08-27	抽	组6	正选:#0021,#0023,#0026,#0028,#0029,#0033,#0034,#0057,#0060,#0089
2026-08-27	抽	组7	正选:#0090,#0102,#0105,#0106,#0111,#0122,#0123,#0132,#0134,#0157
2026-08-27	抽	组8	正选:#0165,#0167,#0168,#0179,#0205,#0206,#0208,#0210,#0211,#0212
2026-08-27	抽	组9	正选:#0227,#0230,#0231,#0245,#0246,#0247,#0125,#0323,#0324,#0326
2026-08-27	抽	组10	正选:#0327,#0328,#0080,#0221,#0249,#0251,#0329,#0331,#0332,#0333
2026-08-27	抽	组11	正选:#0334,#0335,#0337,#0095,#0126,#0289,#0292,#0293,#0318,#0336
2026-08-27	抽	组12	正选:#0338,#0339,#0340,#0341,#0342,#0343,#0344,#0345,#0347,#0348
2026-08-27	抽	组13	正选:#0051,#0346,#0349,#0350,#0351,#0352,#0353
2026-08-27	用	组4	用:#0002,#0004,#0005,#0006,#0118,#0159,#0223	弃:0077+0151+0113+0148+0180+0213+0237+0238=全部与今天已测的编号同日污染,顺延;0015=待她裁;0241=第②类候选,她那句语法成立,挂④等她裁
2026-08-27	用	组5	用:#0015,#0077,#0113,#0148,#0180,#0237,#0241
2026-08-27	抽	组6	正选:#0242,#0243,#0244,#0021,#0023,#0026,#0028,#0029,#0033,#0034
2026-08-27	抽	组7	正选:#0057,#0060,#0089,#0090,#0102,#0105,#0106,#0111,#0122,#0123
2026-08-27	抽	组8	正选:#0132,#0134,#0157,#0165,#0167,#0168,#0179,#0205,#0206,#0208
2026-08-27	抽	组9	正选:#0210,#0211,#0212,#0227,#0230,#0231,#0245,#0246,#0247,#0125
2026-08-27	抽	组10	正选:#0323,#0324,#0326,#0327,#0328,#0080,#0221,#0249,#0251,#0329
2026-08-27	抽	组11	正选:#0331,#0332,#0333,#0334,#0335,#0337,#0095,#0126,#0289,#0292
2026-08-27	抽	组12	正选:#0293,#0318,#0336,#0338,#0339,#0340,#0341,#0342,#0343,#0344
2026-08-27	抽	组13	正选:#0345,#0347,#0348,#0051,#0087,#0346,#0349,#0350,#0351,#0352
2026-08-27	抽	组14	正选:#0353,#0354,#0355,#0356
2026-08-27	抽	组6	正选:#0242,#0243,#0244,#0021,#0023,#0026,#0028,#0029,#0033,#0034
2026-08-27	抽	组7	正选:#0057,#0060,#0089,#0090,#0102,#0105,#0106,#0111,#0122,#0123
2026-08-27	抽	组8	正选:#0132,#0134,#0157,#0165,#0167,#0168,#0179,#0205,#0206,#0208
2026-08-27	抽	组9	正选:#0210,#0211,#0212,#0227,#0230,#0231,#0245,#0246,#0247,#0125
2026-08-27	抽	组10	正选:#0323,#0324,#0326,#0327,#0328,#0080,#0221,#0249,#0251,#0329
2026-08-27	抽	组11	正选:#0331,#0332,#0333,#0334,#0335,#0337,#0095,#0126,#0289,#0292
2026-08-27	抽	组12	正选:#0293,#0318,#0336,#0338,#0339,#0340,#0341,#0342,#0343,#0344
2026-08-27	抽	组13	正选:#0345,#0347,#0348,#0051,#0087,#0346,#0349,#0350,#0351,#0352
2026-08-27	抽	组14	正选:#0353,#0354,#0355,#0356
2026-08-27	抽	组6	正选:#0242,#0243,#0244,#0021,#0023,#0026,#0028,#0029,#0033,#0034
2026-08-27	抽	组7	正选:#0057,#0060,#0089,#0090,#0102,#0105,#0106,#0111,#0122,#0123
2026-08-27	抽	组8	正选:#0132,#0134,#0157,#0165,#0167,#0168,#0179,#0205,#0206,#0208
2026-08-27	抽	组9	正选:#0210,#0211,#0212,#0227,#0230,#0231,#0245,#0246,#0247,#0125
2026-08-27	抽	组10	正选:#0323,#0324,#0326,#0327,#0328,#0080,#0221,#0249,#0251,#0329
2026-08-27	抽	组11	正选:#0331,#0332,#0333,#0334,#0335,#0337,#0095,#0126,#0289,#0292
2026-08-27	抽	组12	正选:#0293,#0318,#0336,#0338,#0339,#0340,#0341,#0342,#0343,#0344
2026-08-27	抽	组13	正选:#0345,#0347,#0348,#0051,#0087,#0346,#0349,#0350,#0351,#0352
2026-08-27	抽	组14	正选:#0353,#0354,#0355,#0356
2026-08-27	用	组6	用:#0021,#0026,#0028,#0029,#0033,#0034,#0102,#0111	弃:0242+0243+0244=同一张T1图的连续三句,措辞重度重叠,三条一起顺延整组做;0023=与0034考点层贴太近(定指集合名词前的the),顺延并挂④a合并候选
2026-08-27	抽	组7	正选:#0242,#0243,#0244,#0023,#0057,#0060,#0089,#0090,#0105,#0106
2026-08-27	抽	组8	正选:#0122,#0123,#0132,#0134,#0157,#0165,#0167,#0168,#0179,#0205
2026-08-27	抽	组9	正选:#0206,#0208,#0210,#0211,#0212,#0227,#0230,#0231,#0245,#0246
2026-08-27	抽	组10	正选:#0247,#0125,#0323,#0324,#0326,#0327,#0328,#0080,#0249,#0251
2026-08-27	抽	组11	正选:#0329,#0331,#0332,#0333,#0334,#0335,#0337,#0095,#0126,#0289
2026-08-27	抽	组12	正选:#0292,#0293,#0318,#0336,#0338,#0339,#0340,#0341,#0342,#0343
2026-08-27	抽	组13	正选:#0344,#0345,#0347,#0348,#0051,#0087,#0221,#0346,#0349,#0350
2026-08-27	抽	组14	正选:#0351,#0352,#0353,#0354,#0355,#0356
2026-08-27	抽	组7	正选:#0243,#0244,#0122,#0123,#0132,#0134,#0157,#0165,#0167,#0168
2026-08-27	抽	组8	正选:#0179,#0205,#0206,#0208,#0210,#0211,#0212,#0227,#0230,#0231
2026-08-27	抽	组9	正选:#0245,#0246,#0247,#0125,#0323,#0324,#0326,#0327,#0328,#0080
2026-08-27	抽	组10	正选:#0249,#0251,#0329,#0331,#0332,#0333,#0334,#0335,#0337,#0095
2026-08-27	抽	组11	正选:#0126,#0289,#0292,#0293,#0318,#0336,#0338,#0339,#0340,#0341
2026-08-27	抽	组12	正选:#0342,#0343,#0344,#0345,#0347,#0348,#0051,#0087,#0106,#0221
2026-08-27	抽	组13	正选:#0242,#0346,#0349,#0350,#0351,#0352,#0353,#0354,#0355,#0356
2026-08-27	用	组8	用:#0179,#0205,#0206,#0211,#0227,#0230,#0231	弃:0208=与0206措辞层共享峰值,顺延组9(已并入0212);0212=并入0208;0218=并入0210;0210=并入0218后打挂作文验
2026-08-27	抽	组8	正选:#0243,#0244,#0122,#0123,#0132,#0134,#0157,#0165,#0167,#0168
2026-08-27	抽	组9	正选:#0208,#0245,#0246,#0247,#0125,#0323,#0324,#0326,#0327,#0328
2026-08-27	抽	组10	正选:#0080,#0249,#0251,#0329,#0331,#0332,#0333,#0334,#0335,#0337
2026-08-27	抽	组11	正选:#0095,#0126,#0289,#0292,#0293,#0318,#0336,#0338,#0339,#0340
2026-08-27	抽	组12	正选:#0341,#0342,#0343,#0344,#0345,#0347,#0348,#0051,#0087,#0106
2026-08-27	抽	组13	正选:#0221,#0242,#0346,#0349,#0350,#0351,#0352,#0353,#0354,#0355
2026-08-27	抽	组14	正选:#0356
2026-08-27	用	组9	用:#0208,#0125,#0245,#0323,#0324,#0326,#0327,#0328	弃:0246+0247=与0245同属F18且三条同一话题(替代疗法),措辞层重度重叠,顺延组10三条一起做;0246另与已挂作文验的0153中文近同,挂④a合并候选
2026-08-27	抽	组9	正选:#0243,#0244,#0122,#0123,#0132,#0134,#0157,#0165,#0167,#0168
2026-08-27	抽	组10	正选:#0246,#0247,#0080,#0249,#0251,#0329,#0331,#0332,#0333,#0334
2026-08-27	抽	组11	正选:#0335,#0337,#0095,#0126,#0289,#0292,#0293,#0318,#0336,#0338
2026-08-27	抽	组12	正选:#0339,#0340,#0341,#0342,#0343,#0344,#0345,#0347,#0348,#0051
2026-08-27	抽	组13	正选:#0087,#0106,#0221,#0242,#0346,#0349,#0350,#0351,#0352,#0353
2026-08-27	抽	组14	正选:#0354,#0355,#0356,#0357
2026-08-27	用	组10	用:#0080,#0246,#0249,#0251,#0329,#0331,#0332,#0333,#0334	弃:0247=与0331措辞层共享病人,顺延(连错1,下一组优先)
2026-08-27	抽	组10	正选:#0243,#0244,#0122,#0123,#0132,#0134,#0157,#0165,#0167,#0168
2026-08-27	抽	组11	正选:#0247,#0335,#0337,#0095,#0126,#0289,#0292,#0293,#0318,#0336
2026-08-27	抽	组12	正选:#0338,#0339,#0340,#0341,#0342,#0343,#0344,#0345,#0347,#0348
2026-08-27	抽	组13	正选:#0051,#0087,#0106,#0221,#0242,#0346,#0349,#0350,#0351,#0352
2026-08-27	抽	组14	正选:#0353,#0354,#0355,#0356,#0357
2026-08-27	用	组11	用:#0247,#0335,#0337,#0095,#0126,#0292,#0293,#0336	弃:0289=与0293措辞层共享回报,顺延;0318=08-25 挂的顺延项写着不出中译英单点题但那是教练建议非她裁定,条目也没打五个字,本日顺延并挂进收尾等她裁
2026-08-27	抽	组11	正选:#0243,#0244,#0122,#0123,#0132,#0134,#0157,#0165,#0167,#0168
2026-08-27	抽	组12	正选:#0289,#0318,#0338,#0339,#0340,#0341,#0342,#0343,#0344,#0345
2026-08-27	抽	组13	正选:#0347,#0348,#0051,#0087,#0106,#0221,#0242,#0346,#0349,#0350
2026-08-27	抽	组14	正选:#0351,#0352,#0353,#0354,#0355,#0356,#0357,#0358
2026-08-27	用	组12	用:#0289,#0318,#0338,#0339,#0340,#0341,#0342,#0343,#0344,#0345
2026-08-27	抽	组12	正选:#0243,#0244,#0122,#0123,#0132,#0134,#0157,#0165,#0167,#0168
2026-08-27	抽	组13	正选:#0347,#0348,#0051,#0087,#0106,#0107,#0221,#0242,#0346,#0349
2026-08-27	抽	组14	正选:#0350,#0351,#0352,#0353,#0354,#0355,#0356,#0357,#0358
2026-08-27	抽	组12	正选:#0243,#0244,#0122,#0123,#0132,#0134,#0157,#0165,#0167,#0168
2026-08-27	抽	组13	正选:#0347,#0348,#0051,#0087,#0106,#0107,#0221,#0242,#0346,#0349
2026-08-27	抽	组14	正选:#0350,#0351,#0352,#0353,#0354,#0355,#0356,#0357,#0358
2026-08-27	抽	组12	正选:#0243,#0244,#0122,#0123,#0132,#0134,#0157,#0165,#0167,#0168
2026-08-27	抽	组13	正选:#0347,#0348,#0051,#0087,#0106,#0107,#0221,#0242,#0346,#0349
2026-08-27	抽	组14	正选:#0350,#0351,#0352,#0353,#0354,#0355,#0356,#0357,#0358
2026-08-27	用	组7	用:#0023,#0057,#0060,#0089,#0090,#0105,#0106,#0242	弃:0077+0151=与0144措辞/考点撞车;0113=与0065重叠;0148=与0149上下位;0180=与0155同语境;0213=与0217同为倍数;0237+0238=与0150/0220同句;0015=待她裁;0241=第②类候选
2026-08-27	用	组13	用:#0122,#0123,#0132,#0134,#0157,#0165,#0167,#0168,#0244	弃:0243=与0244考点层撞车(都含分词并句),顺延;0347+0348=08-25新建,不是最久没测那批,留给下一场
2026-08-27	抽	组14	正选:#0243,#0347,#0348,#0051,#0087,#0107,#0221,#0346,#0349,#0350
2026-08-27	抽	组15	正选:#0351,#0352,#0353,#0354,#0355,#0356,#0357,#0358
2026-08-29	抽	组1	正选:#0342,#0343,#0347,#0348,#0345,#0221,#0095,#0126,#0346
2026-08-29	用	组1	用:#0342,#0347,#0345,#0095,#0348,#0126,#0221,#0346,#0343
2026-08-30	抽	组1	正选:#0371,#0367,#0361,#0366,#0374,#0373,#0368,#0108,#0372,#0095
2026-08-30	抽	组2	正选:#0360,#0363,#0365,#0370,#0364,#0362,#0369,#0346,#0359,#0126
2026-08-30	用	组1	用:#0371,#0367,#0361,#0366,#0374,#0373,#0368,#0108,#0095	弃:#0372=对调到组2（与#0367禁配）,#0346=顺延（#0346⇔#0367⇔#0372三条两两互斥，今天只有2组装不下）
2026-08-30	用	组2	用:#0360,#0363,#0365,#0370,#0364,#0362,#0369,#0372,#0359,#0126
2026-08-31	抽	组1	正选:#0347,#0348,#0051,#0049,#0375,#0126,#0346
2026-08-31	用	组1	用:#0347,#0348,#0051,#0049,#0375,#0126,#0346
2026-09-01	用	组1	用:#0243,#0005,#0006,#0015,#0016,#0029,#0032,#0035,#0038,#0064
2026-09-01	抽	组2	正选:#0065,#0071,#0075,#0077,#0087,#0106,#0107,#0112,#0113,#0125
2026-09-01	用	组2	用:#0065,#0071,#0075,#0077,#0087,#0106,#0107,#0112,#0113,#0125
2026-09-01	抽	组3	正选:#0136,#0140,#0141,#0144,#0148,#0150,#0155,#0180,#0185,#0190
2026-09-01	用	组3	用:#0136,#0140,#0141,#0144,#0148,#0150,#0155,#0180,#0185,#0190
2026-09-01	抽	组4	正选:#0215,#0217,#0220,#0233,#0237,#0241,#0242,#0244,#0247,#0251
2026-09-01	用	组4	用:#0215,#0217,#0220,#0233,#0237,#0241,#0242,#0244,#0247,#0251
2026-09-01	抽	组5	正选:#0323,#0324,#0327,#0328,#0349,#0350,#0351,#0352,#0353,#0354
2026-09-01	用	组5	用:#0323,#0324,#0327,#0328,#0350,#0351,#0352,#0353,#0354	弃:#0349=跨组撞车：组3 #0185 刚测过 out of desperation，同一个 out of ＋ 抽象名词的形状
2026-09-02	抽	组1	正选:#0349,#0355,#0356,#0357,#0358,#0326,#0108,#0359,#0360,#0361
2026-09-02	用	组6	用:#0326,#0108,#0355,#0356,#0357,#0358,#0359,#0360,#0361	弃:#0349=跨组撞车未解除：组3 #0185 今天已行使同一形状，同日再测读数近乎为零
2026-09-02	抽	组2	正选:#0349,#0362,#0363,#0364,#0365,#0366,#0367,#0368,#0370,#0371
2026-09-02	抽	组2	正选:#0349,#0362,#0363,#0364,#0365,#0366,#0367,#0368,#0370,#0371
2026-09-02	用	组7	用:#0362,#0363,#0364,#0365,#0366,#0367,#0368,#0370,#0371	弃:#0349=跨组撞车未解除，第三次调出
2026-09-02	抽	组3	正选:#0349,#0372,#0373,#0049,#0051,#0073,#0221,#0248,#0375,#0376
2026-09-02	抽	组3	正选:#0349,#0372,#0373,#0049,#0051,#0073,#0221,#0248,#0375,#0376
2026-09-02	抽	组4	正选:#0377,#0378,#0029,#0064,#0087,#0106,#0107,#0126,#0243,#0251
2026-09-02	抽	组5	正选:#0350,#0351,#0352,#0353,#0354,#0374,#0379,#0381,#0382,#0383
2026-09-02	抽	组6	正选:#0384,#0385,#0386,#0387,#0388,#0389,#0390,#0391,#0392,#0393
2026-09-02	抽	组7	正选:#0394,#0395,#0396,#0397,#0398,#0399,#0400,#0401,#0402,#0403
2026-09-02	抽	组8	正选:#0404,#0405,#0406,#0407,#0408,#0409
2026-09-02	抽	组3	正选:#0349,#0372,#0373,#0049,#0051,#0073,#0221,#0248,#0375,#0376
2026-09-02	抽	组4	正选:#0377,#0378,#0029,#0064,#0087,#0106,#0107,#0126,#0243,#0251
2026-09-02	抽	组5	正选:#0350,#0351,#0352,#0353,#0354,#0374,#0379,#0381,#0382,#0383
2026-09-02	抽	组6	正选:#0384,#0385,#0386,#0387,#0388,#0389,#0390,#0391,#0392,#0393
2026-09-02	抽	组7	正选:#0394,#0395,#0396,#0397,#0398,#0399,#0400,#0401,#0402,#0403
2026-09-02	抽	组8	正选:#0404,#0405,#0406,#0407,#0408,#0409
2026-09-02	抽	组3	正选:#0349,#0372,#0373,#0049,#0051,#0073,#0221,#0248,#0375,#0376
2026-09-02	抽	组4	正选:#0377,#0378,#0029,#0064,#0087,#0106,#0107,#0126,#0243,#0251
2026-09-02	抽	组5	正选:#0350,#0351,#0352,#0353,#0354,#0374,#0379,#0381,#0382,#0383
2026-09-02	抽	组6	正选:#0384,#0385,#0386,#0387,#0388,#0389,#0390,#0391,#0392,#0393
2026-09-02	抽	组7	正选:#0394,#0395,#0396,#0397,#0398,#0399,#0400,#0401,#0402,#0403
2026-09-02	抽	组8	正选:#0404,#0405,#0406,#0407,#0408,#0409
2026-09-02	抽	组3	正选:#0349,#0372,#0373,#0049,#0051,#0073,#0221,#0248,#0375,#0376
2026-09-02	抽	组4	正选:#0377,#0378,#0029,#0064,#0087,#0106,#0107,#0126,#0243,#0251
2026-09-02	抽	组5	正选:#0350,#0351,#0352,#0353,#0354,#0374,#0379,#0381,#0382,#0383
2026-09-02	抽	组6	正选:#0384,#0385,#0386,#0387,#0388,#0389,#0390,#0391,#0392,#0393
2026-09-02	抽	组7	正选:#0394,#0395,#0396,#0397,#0398,#0399,#0400,#0401,#0402,#0403
2026-09-02	抽	组8	正选:#0404,#0405,#0406,#0407,#0408,#0409
2026-09-02	抽	组3	正选:#0349,#0372,#0373,#0049,#0051,#0073,#0221,#0248,#0375,#0376
2026-09-02	抽	组4	正选:#0377,#0378,#0029,#0064,#0087,#0106,#0107,#0126,#0243,#0251
2026-09-02	抽	组5	正选:#0350,#0351,#0352,#0353,#0354,#0374,#0379,#0381,#0382,#0383
2026-09-02	抽	组6	正选:#0384,#0385,#0386,#0387,#0388,#0389,#0390,#0391,#0392,#0393
2026-09-02	抽	组7	正选:#0394,#0395,#0396,#0397,#0398,#0399,#0400,#0401,#0402,#0403
2026-09-02	抽	组8	正选:#0404,#0405,#0406,#0407,#0408,#0409
2026-09-02	抽	组3	正选:#0349,#0372,#0373,#0049,#0051,#0073,#0221,#0248,#0375,#0376
2026-09-02	抽	组4	正选:#0377,#0378,#0029,#0064,#0087,#0106,#0107,#0126,#0243,#0251
2026-09-02	抽	组5	正选:#0350,#0351,#0352,#0353,#0354,#0374,#0379,#0381,#0382,#0383
2026-09-02	抽	组6	正选:#0384,#0385,#0386,#0387,#0388,#0389,#0390,#0391,#0392,#0393
2026-09-02	抽	组7	正选:#0394,#0395,#0396,#0397,#0398,#0399,#0400,#0401,#0402,#0403
2026-09-02	抽	组8	正选:#0404,#0405,#0406,#0407,#0408,#0409
2026-09-02	用	组8	用:#0372,#0373,#0049,#0073,#0221,#0248,#0375,#0376,#0377,#0378	弃:#0051=检查动作不是表达，待她裁定（08-31 挂起）;#0349=跨组撞车，留到明天
2026-09-03	抽	组1	正选:#0374,#0375,#0377,#0376,#0108,#0248,#0378,#0126
2026-09-03	抽	组1	正选:#0374,#0375,#0377,#0376,#0108,#0248,#0378,#0126
2026-09-03	抽	组1	正选:#0374,#0375,#0377,#0376,#0108,#0248,#0378,#0126
2026-09-03	抽	组1	正选:#0374,#0375,#0377,#0376,#0378,#0248,#0126
2026-09-03	用	组1	用:#0374,#0248,#0376,#0126,#0375,#0378,#0377
2026-09-03	抽	组2	正选:#0413,#0403,#0415,#0382,#0411,#0388,#0410,#0391,#0404,#0414
2026-09-03	抽	组3	正选:#0402,#0398,#0408,#0416,#0407,#0394,#0396,#0412,#0349,#0379
2026-09-03	抽	组2	正选:#0413,#0403,#0415,#0382,#0411,#0388,#0410,#0391,#0404,#0414
2026-09-03	抽	组3	正选:#0402,#0398,#0408,#0416,#0407,#0394,#0396,#0412,#0349,#0379
2026-09-03	抽	组4	正选:#0395,#0384,#0399,#0390,#0417,#0393,#0381,#0389,#0387,#0400
2026-09-03	抽	组5	正选:#0405,#0401,#0386,#0385,#0397,#0406,#0392,#0383,#0409,#0243
2026-09-03	抽	组2	正选:#0413,#0403,#0415,#0382,#0411,#0388,#0410,#0391,#0404,#0414
2026-09-03	抽	组3	正选:#0402,#0398,#0408,#0416,#0407,#0394,#0396,#0412,#0349,#0379
2026-09-03	抽	组4	正选:#0395,#0384,#0399,#0390,#0417,#0393,#0381,#0389,#0387,#0400
2026-09-03	抽	组5	正选:#0405,#0401,#0386,#0385,#0397,#0406,#0392,#0383,#0409,#0243
2026-09-03	抽	组2	正选:#0413,#0403,#0415,#0382,#0411,#0388,#0410,#0391,#0404,#0414
2026-09-03	抽	组2	正选:#0413,#0403,#0415,#0382,#0411,#0388,#0410,#0391,#0404,#0414
2026-09-03	抽	组3	正选:#0402,#0398,#0408,#0416,#0407,#0394,#0396,#0412,#0349,#0379
2026-09-03	抽	组4	正选:#0395,#0384,#0399,#0390,#0417,#0393,#0381,#0389,#0387,#0400
2026-09-03	抽	组5	正选:#0405,#0401,#0386,#0385,#0397,#0406,#0392,#0383,#0409,#0243
2026-09-03	用	组2	用:#0413,#0402,#0382,#0411,#0410,#0414,#0403,#0388,#0391,#0404	弃:#0415=今天刚从她自己的答案里建的号，当天回考＝考记忆不考产出（§6），顺延下一场
2026-09-03	抽	组3	正选:#0395,#0401,#0416,#0417,#0408,#0421,#0383,#0420
2026-09-03	抽	组4	正选:#0405,#0415,#0390,#0397,#0406,#0392,#0349,#0379
2026-09-03	抽	组5	正选:#0398,#0399,#0385,#0394,#0396,#0412,#0387,#0400
2026-09-03	抽	组6	正选:#0384,#0386,#0407,#0393,#0381,#0389,#0409,#0243
2026-09-03	抽	组3	正选:#0395,#0401,#0416,#0417,#0408,#0421,#0383,#0420
2026-09-03	抽	组4	正选:#0405,#0415,#0390,#0397,#0406,#0392,#0349,#0379
2026-09-03	抽	组5	正选:#0398,#0399,#0385,#0394,#0396,#0412,#0387,#0400
2026-09-03	抽	组6	正选:#0384,#0386,#0407,#0393,#0381,#0389,#0409,#0243
2026-09-03	用	组3	用:#0395,#0408,#0405,#0397,#0392,#0401,#0383,#0390,#0406,#0349	弃:#0416=今天建的号，当天回考＝考记忆，顺延
2026-09-03	抽	组4	正选:#0398,#0399,#0385,#0394,#0396,#0412,#0387,#0379,#0243
2026-09-03	抽	组5	正选:#0384,#0386,#0407,#0393,#0381,#0389,#0409,#0400
2026-09-03	抽	组4	正选:#0393,#0384,#0386,#0407,#0396,#0412,#0387,#0379,#0243
2026-09-03	抽	组5	正选:#0398,#0399,#0385,#0394,#0381,#0389,#0409,#0400
2026-09-03	抽	组4	正选:#0393,#0384,#0386,#0407,#0396,#0412,#0387,#0379,#0243
2026-09-03	抽	组5	正选:#0398,#0399,#0385,#0394,#0381,#0389,#0409,#0400
2026-09-03	抽	组4	正选:#0393,#0384,#0386,#0407,#0396,#0412,#0387,#0379,#0243
2026-09-03	抽	组5	正选:#0398,#0399,#0385,#0394,#0381,#0389,#0409,#0400
2026-09-03	用	组4	用:#0393,#0384,#0386,#0407,#0396,#0412,#0387,#0379,#0243
2026-09-03	抽	组5	正选:#0398,#0399,#0385,#0394,#0381,#0389,#0409,#0400
2026-09-03	用	组5	用:#0398,#0399,#0394,#0381,#0385,#0389,#0409,#0400
2026-09-04	抽	组1	正选:#0410,#0415,#0422,#0413,#0426,#0419,#0383,#0434,#0435
2026-09-04	抽	组2	正选:#0438,#0416,#0397,#0427,#0439,#0433,#0432,#0436,#0126
2026-09-04	抽	组3	正选:#0417,#0384,#0428,#0437,#0395,#0424,#0431,#0420
2026-09-04	抽	组4	正选:#0423,#0418,#0429,#0398,#0425,#0421,#0430,#0440
2026-09-04	抽	组1	正选:#0410,#0415,#0422,#0413,#0426,#0419,#0383,#0434,#0435
2026-09-04	抽	组2	正选:#0438,#0416,#0397,#0427,#0439,#0433,#0432,#0436,#0126
2026-09-04	抽	组3	正选:#0417,#0384,#0428,#0437,#0395,#0424,#0431,#0420
2026-09-04	抽	组4	正选:#0423,#0418,#0429,#0398,#0425,#0421,#0430,#0440
2026-09-04	抽	组1	正选:#0410,#0415,#0422,#0413,#0426,#0419,#0383,#0434,#0435
2026-09-04	抽	组2	正选:#0438,#0416,#0397,#0427,#0439,#0433,#0432,#0436,#0126
2026-09-04	抽	组3	正选:#0417,#0384,#0428,#0437,#0395,#0424,#0431,#0420
2026-09-04	抽	组4	正选:#0423,#0418,#0429,#0398,#0425,#0421,#0430,#0440
2026-09-04	抽	组1	正选:#0410,#0415,#0422,#0413,#0426,#0419,#0383,#0434,#0435
2026-09-04	抽	组2	正选:#0438,#0416,#0397,#0427,#0439,#0433,#0432,#0436,#0126
2026-09-04	抽	组3	正选:#0417,#0384,#0428,#0437,#0395,#0424,#0431,#0420
2026-09-04	抽	组4	正选:#0423,#0418,#0429,#0398,#0425,#0421,#0430,#0440
2026-09-04	抽	组1	正选:#0410,#0415,#0422,#0413,#0426,#0419,#0383,#0434,#0435
2026-09-04	抽	组2	正选:#0438,#0416,#0397,#0427,#0439,#0433,#0432,#0436,#0126
2026-09-04	抽	组3	正选:#0417,#0384,#0428,#0437,#0395,#0424,#0431,#0420
2026-09-04	抽	组4	正选:#0423,#0418,#0429,#0398,#0425,#0421,#0430,#0440
2026-09-04	用	组1	用:#0410,#0415,#0413,#0426,#0398,#0419,#0383,#0435,#0126	弃:#0422=与#0383题面逐字撞考点块(在线读者数)，对调到组4；#0434=与#0419同词族judge且题面共享「判断」，对调到组2
2026-09-04	用	组1	用:#0410,#0415,#0423,#0413,#0426,#0419,#0383,#0433,#0435
2026-09-04	用	组2	用:#0438,#0416,#0397,#0427,#0437,#0432,#0436,#0434,#0126
2026-09-04	用	组3	用:#0417,#0384,#0439,#0395,#0421,#0428,#0431,#0420
2026-09-04	用	组4	用:#0422,#0418,#0398,#0425,#0424,#0429,#0430,#0440
2026-09-05	用	组5	用:
2026-09-06	抽	组1	正选:#0442,#0447,#0444,#0452,#0446,#0448,#0449,#0443,#0450,#0451
2026-09-06	抽	组2	正选:#0064,#0106,#0358,#0445,#0350,#0251,#0087,#0107,#0385,#0441
2026-09-06	抽	组3	正选:#0386,#0029,#0352,#0387,#0354,#0409,#0414,#0353,#0355,#0351
2026-09-06	抽	复检组1	正选:#0119,#0009,#0013,#0030,#0040,#0056,#0085,#0088,#0104,#0138
2026-09-06	用	组1	用:#0442,#0444,#0447,#0448,#0449,#0443,#0450,#0451,#0452,#0446
2026-09-06	用	组2	用:#0064,#0106,#0358,#0445,#0350,#0251,#0087,#0107,#0385,#0441
2026-09-06	用	组3	用:#0029,#0352,#0409,#0353,#0354,#0355,#0351,#0386,#0387,#0414
2026-09-06	用	复检组1	用:#0119,#0009,#0013,#0030,#0040,#0056,#0085,#0138,#0104,#0088
2026-09-07	抽	组1	正选:#0455,#0466,#0456,#0459,#0457,#0458,#0460,#0461,#0462,#0464
2026-09-07	抽	组2	正选:#0468,#0469,#0453,#0470,#0454,#0471,#0053,#0463,#0465,#0467
2026-09-07	抽	组3	正选:#0121,#0161,#0135,#0061,#0147,#0170,#0151,#0078,#0153,#0189
2026-09-07	抽	组4	正选:#0384,#0236,#0395,#0383,#0397,#0108,#0398,#0198,#0410,#0321
2026-09-07	抽	组5	正选:#0413,#0420,#0417,#0418,#0419,#0423,#0424,#0425,#0426,#0427
2026-09-07	抽	复检组1	正选:#0164,#0178,#0184,#0203,#0204,#0209,#0007,#0017,#0020,#0037
2026-09-07	抽	复检组2	正选:#0044,#0046,#0062,#0069,#0070,#0079,#0092,#0120,#0137,#0143
2026-09-07	抽	复检组3	正选:#0162,#0183,#0186,#0187,#0197,#0025,#0128,#0011,#0024,#0027
2026-09-07	用	组1	用:#0455,#0466,#0456,#0459,#0457,#0458,#0460,#0461,#0462,#0464
2026-09-07	用	组2	用:#0468,#0469,#0453,#0470,#0454,#0471,#0053,#0463,#0465,#0467
2026-09-07	用	组3	用:#0121,#0161,#0135,#0061,#0170,#0078,#0153,#0189,#0321,#0420	弃:#0147=禁配 #0151 且一条撞六处措辞 ⇒ 与 #0321 对调到组4,#0151=与 #0061 同句型、与 #0189 共享城市 ⇒ 与 #0420 对调到组5
2026-09-08	用	组4	用:#0397,#0398,#0410,#0413,#0417,#0418,#0419,#0423,#0424,#0425
2026-09-07	用	组4	用:#0397,#0398,#0410,#0413,#0417,#0418,#0419,#0423,#0424,#0425
2026-09-07	用	组5	用:#0384,#0147,#0395,#0383,#0426,#0108,#0439,#0427,#0198,#0236	弃:#0151=禁配 #0147 未解 ⇒ 与 #0439 对调
2026-09-07	用	复检组1	用:#0164,#0178,#0184,#0203,#0204,#0209,#0007,#0017,#0020,#0037
2026-09-07	用	复检组2	用:#0044,#0046,#0062,#0069,#0070,#0079,#0092,#0120,#0137,#0143
2026-09-07	用	复检组3	用:#0162,#0187,#0025,#0183,#0128,#0024,#0197,#0186,#0011,#0027
2026-09-09	抽	组1	正选:#0472,#0477,#0474,#0476,#0478,#0475,#0479,#0473,#0480,#0481
2026-09-09	抽	组2	正选:#0121,#0053,#0135,#0161,#0061,#0147,#0170,#0078,#0153,#0189
2026-09-09	抽	组3	正选:#0198,#0236
2026-09-09	抽	复检组1	正选:#0031,#0169,#0001,#0014,#0018,#0091,#0096,#0109,#0124,#0163
2026-09-09	抽	组1	正选:#0472,#0477,#0474,#0476,#0478,#0475,#0479,#0473,#0480,#0481
2026-09-09	抽	组2	正选:#0121,#0053,#0135,#0161,#0061,#0147,#0170,#0078,#0153,#0189
2026-09-09	抽	组3	正选:#0198,#0236
2026-09-09	抽	复检组1	正选:#0031,#0169,#0001,#0014,#0018,#0091,#0096,#0109,#0124,#0163
2026-09-09	用	组1	用:#0472,#0477,#0474,#0476,#0478,#0475,#0479,#0473,#0480,#0481
2026-09-10	抽	组1	正选:#0483,#0482,#0484,#0434,#0386,#0445,#0251,#0440,#0151,#0442
2026-09-10	抽	组2	正选:#0446,#0349,#0356,#0379,#0357,#0381,#0382,#0388,#0389,#0390
2026-09-10	抽	组3	正选:#0391,#0404,#0392,#0400,#0393,#0394,#0396,#0401,#0402,#0403
2026-09-10	抽	复检组1	正选:#0031,#0169,#0001,#0014,#0018,#0091,#0096,#0109,#0124,#0163
2026-09-10	用	组1	用:#0483,#0482,#0484,#0434,#0386,#0445,#0251,#0440,#0151,#0442
2026-09-10	用	组2	用:#0446,#0349,#0356,#0379,#0357,#0381,#0382,#0388,#0389,#0390
2026-09-10	用	组3	用:#0391,#0404,#0392,#0400,#0393,#0394,#0396,#0401,#0402,#0403
2026-09-10	用	复检组1	用:#0031,#0001,#0091,#0169,#0014,#0124,#0096,#0018,#0109,#0163
2026-09-12	抽	组1	正选:#0485,#0488,#0490,#0492,#0491,#0151,#0493,#0494,#0486,#0489
2026-09-12	抽	组2	正选:#0384,#0120,#0395,#0095,#0417,#0420,#0418,#0137,#0423,#0321
2026-09-12	抽	组3	正选:#0425,#0469,#0426,#0470,#0427,#0463,#0439,#0453,#0454,#0465
2026-09-12	抽	复检组1	正选:#0181,#0250,#0252,#0260,#0261,#0262,#0263,#0264,#0008,#0042
2026-09-12	用	组1	用:#0485,#0488,#0490,#0492,#0491,#0151,#0493,#0494,#0486,#0489
2026-09-12	用	组2	用:#0384,#0120,#0395,#0095,#0417,#0420,#0418,#0137,#0423,#0321
2026-09-12	用	组3	用:#0425,#0469,#0426,#0470,#0427,#0463,#0439,#0453,#0454,#0465
2026-09-12	用	复检组1	用:#0181,#0250,#0252,#0260,#0261,#0262,#0263,#0264,#0008,#0042
2026-09-13	抽	组1	正选:#0495,#0498,#0496,#0471,#0501,#0500,#0499,#0497,#0417,#0405
2026-09-13	抽	组2	正选:#0406,#0477,#0407,#0476,#0408,#0475,#0411,#0412,#0399,#0415
2026-09-13	抽	组3	正选:#0416,#0430,#0421,#0431,#0422,#0432,#0428,#0435,#0429,#0433
2026-09-13	抽	组4	正选:#0437,#0447,#0438,#0448,#0444,#0443,#0449,#0436,#0450,#0441
2026-09-13	抽	组5	正选:#0087,#0386,#0091,#0393,#0452,#0251,#0096,#0424,#0126,#0451
2026-09-13	抽	复检组1	正选:#0047,#0103,#0110,#0176,#0177,#0194,#0253,#0254,#0255,#0256
2026-09-13	抽	复检组2	正选:#0257,#0258,#0259,#0045,#0192,#0268,#0272,#0239,#0275,#0278
2026-09-13	抽	复检组3	正选:#0281,#0282,#0284,#0285,#0287,#0288,#0290,#0291,#0294,#0296
2026-09-13	用	组1	用:#0495,#0498,#0496,#0471,#0501,#0500,#0499,#0497,#0417,#0405
2026-09-13	用	组2	用:#0406,#0477,#0407,#0476,#0408,#0475,#0411,#0412,#0399,#0415
2026-09-13	用	组3	用:#0416,#0430,#0421,#0431,#0422,#0432,#0428,#0435,#0429,#0433
2026-09-13	用	组4	用:#0437,#0447,#0438,#0448,#0444,#0443,#0449,#0436,#0450,#0441
2026-09-13	用	组5	用:#0087,#0386,#0091,#0393,#0452,#0251,#0096,#0424,#0126,#0451
2026-09-13	用	复检组1	用:#0047,#0103,#0110,#0176,#0177,#0194,#0253,#0254,#0255,#0256
2026-09-13	用	复检组2	用:#0257,#0258,#0259,#0045,#0192,#0268,#0272,#0239,#0275,#0278
2026-09-13	用	复检组3	用:#0281,#0282,#0284,#0285,#0287,#0288,#0290,#0291,#0294,#0296
2026-09-16	抽	组1	正选:#0502,#0504,#0503,#0505,#0506,#0507,#0509,#0511,#0513,#0514
2026-09-16	抽	组2	正选:#0515,#0213,#0517,#0516,#0510,#0508,#0442,#0512,#0446,#0210
2026-09-16	抽	组3	正选:#0121,#0053,#0135,#0061,#0147,#0161,#0482,#0078,#0153,#0170
2026-09-16	抽	复检组1	正选:#0298,#0299,#0300,#0301,#0302,#0304,#0305,#0306,#0308,#0310
2026-09-16	用	组1	用:#0502,#0504,#0503,#0505,#0506,#0507,#0509,#0511,#0513,#0514
2026-09-16	用	组2	用:#0515,#0213,#0517,#0516,#0510,#0508,#0442,#0512,#0446,#0210
2026-09-16	用	组3	用:#0121,#0053,#0135,#0061,#0147,#0161,#0482,#0078,#0153,#0170
2026-09-16	用	复检组1	用:#0298,#0299,#0300,#0301,#0302,#0304,#0305,#0306,#0308,#0310
2026-09-19	抽	组1	正选:#0518,#0120,#0423,#0095,#0425,#0137,#0427,#0519,#0439,#0486
2026-09-19	抽	组2	正选:#0489,#0488,#0493,#0492,#0189,#0198,#0455,#0236,#0456,#0457
2026-09-19	抽	组3	正选:#0458,#0466,#0460,#0459,#0461,#0467,#0462,#0464,#0468,#0472
2026-09-19	抽	复检组1	正选:#0311,#0313,#0314,#0315,#0319,#0320,#0055,#0265,#0267,#0286
2026-09-19	用	组1	用:#0518,#0120,#0423,#0095,#0425,#0137,#0427,#0519,#0439,#0486
2026-09-19	用	组2	用:#0489,#0488,#0493,#0492,#0189,#0198,#0455,#0236,#0456,#0457
2026-09-19	用	组3	用:#0458,#0466,#0460,#0459,#0461,#0467,#0462,#0464,#0468,#0472
2026-09-19	用	复检组1	用:#0311,#0313,#0314,#0315,#0319,#0320,#0055,#0265,#0267,#0286
2026-09-20	抽	组1	正选:#0520,#0087,#0468,#0091,#0294,#0251,#0096,#0278,#0393,#0126
2026-09-20	抽	组2	正选:#0412,#0448,#0424,#0473,#0499,#0474,#0478,#0479,#0480,#0481
2026-09-20	抽	组3	正选:#0483,#0482,#0484,#0108,#0510,#0129,#0513,#0512,#0514,#0213
2026-09-20	抽	复检组1	正选:#0074,#0234,#0270,#0273,#0274,#0276,#0279,#0297,#0303,#0307
2026-09-20	用	组1	用:#0520,#0087,#0468,#0091,#0294,#0251,#0096,#0278,#0393,#0126
2026-09-20	用	组2	用:#0412,#0448,#0424,#0473,#0499,#0474,#0478,#0479,#0480,#0481
2026-09-20	用	组3	用:#0483,#0482,#0484,#0108,#0510,#0129,#0513,#0514,#0213,#0517
2026-09-20	用	复检组1	用:#0074,#0234,#0270,#0273,#0274,#0276,#0279,#0297,#0303,#0307
2026-09-21	抽	组1	正选:#0485,#0010,#0490,#0095,#0491,#0125,#0494,#0319,#0439,#0320
2026-09-21	抽	组2	正选:#0486,#0498,#0489,#0469,#0493,#0500,#0518,#0497,#0495,#0496
2026-09-21	抽	组3	正选:#0501,#0508,#0502,#0504,#0503,#0505,#0506,#0507,#0509,#0511
2026-09-21	抽	组4	正选:#0515,#0108,#0294,#0516,#0297,#0278,#0129,#0412,#0126,#0213
2026-09-21	抽	组5	正选:#0474,#0512,#0481,#0466,#0513,#0448,#0514,#0488,#0517,#0519
2026-09-21	抽	复检组1	正选:#0316,#0317,#0002,#0004,#0021,#0023,#0026,#0028,#0033,#0034
2026-09-21	抽	复检组2	正选:#0057,#0060,#0080,#0089,#0090,#0102,#0105,#0111,#0118,#0122
2026-09-21	抽	复检组3	正选:#0123,#0132,#0134,#0157,#0159,#0165,#0167,#0168,#0179,#0205
2026-09-21	抽	组1	正选:#0485,#0010,#0490,#0095,#0491,#0125,#0494,#0319,#0439,#0320
2026-09-21	抽	组2	正选:#0486,#0498,#0489,#0469,#0493,#0500,#0518,#0497,#0495,#0496
2026-09-21	抽	组3	正选:#0501,#0508,#0502,#0504,#0503,#0505,#0506,#0507,#0509,#0511
2026-09-21	抽	组4	正选:#0515,#0108,#0294,#0516,#0297,#0278,#0129,#0412,#0126,#0213
2026-09-21	抽	组5	正选:#0474,#0512,#0481,#0466,#0513,#0448,#0514,#0488,#0517,#0519
2026-09-21	抽	复检组1	正选:#0316,#0317,#0002,#0004,#0021,#0023,#0026,#0028,#0033,#0034
2026-09-21	抽	复检组2	正选:#0057,#0060,#0080,#0089,#0090,#0102,#0105,#0111,#0118,#0122
2026-09-21	抽	复检组3	正选:#0123,#0132,#0134,#0157,#0159,#0165,#0167,#0168,#0179,#0205
2026-09-21	抽	组1	正选:#0485,#0010,#0490,#0095,#0491,#0125,#0494,#0319,#0439,#0320
2026-09-21	抽	组2	正选:#0486,#0498,#0489,#0469,#0493,#0500,#0518,#0497,#0495,#0496
2026-09-21	抽	组3	正选:#0501,#0508,#0502,#0504,#0503,#0505,#0506,#0507,#0509,#0511
2026-09-21	抽	组4	正选:#0515,#0108,#0294,#0516,#0297,#0278,#0129,#0412,#0126,#0213
2026-09-21	抽	组5	正选:#0474,#0512,#0481,#0466,#0513,#0448,#0514,#0488,#0517,#0519
2026-09-21	抽	复检组1	正选:#0316,#0317,#0002,#0004,#0021,#0023,#0026,#0028,#0033,#0034
2026-09-21	抽	复检组2	正选:#0057,#0060,#0080,#0089,#0090,#0102,#0105,#0111,#0118,#0122
2026-09-21	抽	复检组3	正选:#0123,#0132,#0134,#0157,#0159,#0165,#0167,#0168,#0179,#0205
2026-09-21	用	组1	用:#0485,#0010,#0490,#0095,#0491,#0125,#0494,#0319,#0439,#0320
2026-09-21	用	组2	用:#0486,#0498,#0489,#0469,#0493,#0500,#0518,#0497,#0495,#0496
2026-09-21	用	组3	用:#0501,#0508,#0502,#0504,#0503,#0505,#0506,#0507,#0509,#0511
2026-09-21	用	组4	用:#0515,#0108,#0294,#0516,#0297,#0278,#0129,#0412,#0126,#0213
2026-09-21	用	组5	用:#0474,#0512,#0481,#0466,#0513,#0448,#0514,#0488,#0517,#0519
2026-09-21	用	复检组1	用:#0316,#0317,#0002,#0004,#0021,#0023,#0026,#0028,#0033,#0034
2026-09-21	用	复检组2	用:#0057,#0060,#0080,#0089,#0090,#0102,#0105,#0111,#0118,#0122
2026-09-21	用	复检组3	用:#0123,#0132,#0134,#0157,#0159,#0165,#0167,#0168,#0179,#0205
2026-09-23	抽	组1	正选:#0521,#0524,#0522,#0010,#0523,#0095,#0525,#0526,#0527,#0528
2026-09-23	抽	组2	正选:#0297,#0452,#0412,#0469,#0439,#0125,#0474,#0126,#0319,#0320
2026-09-23	抽	组3	正选:#0481,#0488,#0486,#0489,#0491,#0493,#0496,#0501,#0502,#0506
2026-09-23	抽	复检组1	正选:#0206,#0208,#0211,#0223,#0227,#0230,#0231,#0245,#0246,#0292
2026-09-23	抽	组1	正选:#0521,#0524,#0522,#0010,#0523,#0095,#0525,#0526,#0527,#0528
2026-09-23	抽	组2	正选:#0297,#0452,#0412,#0469,#0439,#0125,#0474,#0126,#0319,#0320
2026-09-23	抽	组3	正选:#0481,#0488,#0486,#0489,#0491,#0493,#0496,#0501,#0502,#0506
2026-09-23	抽	复检组1	正选:#0206,#0208,#0211,#0223,#0227,#0230,#0231,#0245,#0246,#0292
2026-09-23	用	组1	用:#0521,#0524,#0522,#0010,#0523,#0095,#0525,#0526,#0527,#0528
2026-09-23	用	组2	用:#0297,#0452,#0412,#0469,#0439,#0125,#0474,#0126,#0319,#0320
2026-09-23	用	组3	用:#0481,#0488,#0486,#0489,#0491,#0493,#0496,#0501,#0502,#0506
2026-09-23	用	复检组1	用:#0206,#0208,#0211,#0223,#0227,#0230,#0231,#0245,#0246,#0292
